// Vitest Snapshot v1, https://vitest.dev/guide/snapshot.html

exports[`modules.json > every module effect string is locked (edit = loud failure) 1`] = `
{
  "equilibrium-attack-speed-enhancement": "Per unique role, attack speed +{value}%",
  "equilibrium-backup-rebirth": "Revive with 10% health per unique role on first KO",
  "equilibrium-charge-acceleration": "Per unique role, ult energy gain +{value}%",
  "equilibrium-cumulative-dual-enhancement": "Per unique role, +1% damage & healing every second",
  "equilibrium-damage-interference": "Per unique role, enemy damage output −{value}%",
  "equilibrium-defensive-shell": "Per unique role, damage taken −{value}%",
  "equilibrium-dual-enhancement": "Per unique role, damage & healing +{value}%",
  "equilibrium-healing-suppression": "Per unique role, enemy healing −{value}%",
  "equilibrium-health-expansion": "Per unique role, max health +{value}",
  "equilibrium-health-increment": "Per unique role, max health +{value}%",
  "equilibrium-health-suppression": "Per unique role, enemy max health −{value}%",
  "equilibrium-infinite-drive": "Equilibrium heroes have a 10% chance not to consume energy per ultimate use",
  "equilibrium-initial-dual-enhancement": "Per unique role, damage & healing +{value}% for 10s at round start",
  "equilibrium-last-stand-damage-enhancement": "Per unique role, damage +{value}% per 200 health lost",
  "equilibrium-precharged-energy": "Per unique role, gain {value}% ult energy at round start",
  "equilibrium-reserve-armor": "Per unique role, gain {value} bonus health at round start",
  "fortress-attack-speed-enhancement": "Vanguard primary fire rate & magazine capacity +{value}%",
  "fortress-backup-rebirth": "Vanguards revive with 30% health on first KO",
  "fortress-charge-acceleration": "Vanguard ult energy gain +{value}%",
  "fortress-critical-damage-shell": "Vanguards gain 80% damage reduction for 3s the first time their health drops below 30%",
  "fortress-damage-enhancement": "Vanguard damage done +{value}%",
  "fortress-damage-interference": "Per Vanguard, enemy damage output −{value}%",
  "fortress-defensive-shell": "Vanguard damage taken −{value}%",
  "fortress-healing-suppression": "Per Vanguard, enemy healing −{value}%",
  "fortress-health-expansion": "Vanguard max health +{value}",
  "fortress-health-increment": "Vanguard max health +{value}%",
  "fortress-health-suppression": "Per Vanguard, enemy max health −{value}%",
  "fortress-infinite-drive": "Vanguards have a 40% chance not to consume energy per ultimate use",
  "fortress-last-stand-damage-enhancement": "Vanguard damage +{value}% per 200 health lost",
  "fortress-precharged-energy": "Vanguards gain {value}% ult energy at round start",
  "fortress-reserve-armor": "Vanguards gain {value} bonus health at round start",
  "fortress-steady-recovery": "Per Vanguard, restore {value}% of lost health per second",
  "onslaught-annihilator-fury": "After each Final Hit, Duelists enter Rampage — fully restore health, +40% attack speed and lifesteal",
  "onslaught-attack-speed-enhancement": "Duelist attack speed +{value}%",
  "onslaught-backup-rebirth": "Duelists revive with 40% health on first KO",
  "onslaught-charge-acceleration": "Duelist ult energy gain +{value}%",
  "onslaught-damage-enhancement": "Duelist damage done +{value}%",
  "onslaught-damage-interference": "Per Duelist, enemy damage output −{value}%",
  "onslaught-defensive-shell": "Duelist damage taken −{value}%",
  "onslaught-healing-suppression": "Per Duelist, enemy healing −{value}%",
  "onslaught-health-expansion": "Duelist max health +{value}",
  "onslaught-health-suppression": "Per Duelist, enemy max health −{value}%",
  "onslaught-infinite-drive": "Duelists have a 40% chance not to consume energy per ultimate use",
  "onslaught-initial-damage-enhancement": "Duelist damage +{value}% for 10s at round start",
  "onslaught-life-steal": "Duelist lifesteal +{value}%",
  "onslaught-precharged-energy": "Duelists gain {value}% ult energy at round start",
  "onslaught-reserve-armor": "Duelists gain {value} bonus health at round start",
  "onslaught-vulnerability-mark": "Duelists apply 1 stack of {value}% Vulnerability on damage",
  "reboot-attack-speed-enhancement": "Strategist attack speed +{value}%",
  "reboot-charge-acceleration": "Strategist ult energy gain +{value}%",
  "reboot-critical-counter": "The first time a Strategist enters a near-death state, damage taken over the next 3s converts to healing",
  "reboot-damage-interference": "Per Strategist, enemy damage output −{value}%",
  "reboot-deadly-healing": "Strategist healing abilities also deal {value}% damage to enemies",
  "reboot-defensive-shell": "Strategist damage taken −{value}%",
  "reboot-double-heal": "40% chance each heal triggers again",
  "reboot-healing-enhancement": "Strategist healing done +{value}%",
  "reboot-healing-suppression": "Per Strategist, enemy healing −{value}%",
  "reboot-health-expansion": "Strategist max health +{value}",
  "reboot-health-suppression": "Per Strategist, enemy max health −{value}%",
  "reboot-infinite-drive": "Strategists have a 40% chance not to consume energy per ultimate use",
  "reboot-initial-healing-boost": "Strategist healing +{value}% for 10s at round start",
  "reboot-overflow-recharge": "Convert Strategist overflow healing to {value}% bonus health",
  "reboot-precharged-energy": "Strategists gain {value}% ult energy at round start",
  "reboot-reserve-armor": "Strategists gain {value} bonus health at round start",
}
`;

exports[`modules.json > every transcribed in-game module string is locked 1`] = `
[
  {
    "from": "UBMP_MODULE_PURCHASE_SCREEN_LOCKED_BUTTON_EXAMPLE_ZOOMED_IN.png",
    "id": "equilibrium-charge-acceleration",
    "owned": null,
    "shop": "For Each Unique Role, Increase Ally Heroes' Ultimate Ability Energy Gain Efficiency by 6.0%",
  },
  {
    "from": "UBMP_MODULE_PURCHASE_SCREEN.png",
    "id": "fortress-healing-suppression",
    "owned": null,
    "shop": "For Each Vanguard, Reduce Enemy Healing Amount by 1.0%",
  },
  {
    "from": "UBMP_LEFTSIDE_ICON_CLICK_INFO_PANE_EXAMPLE2.png",
    "id": "fortress-health-expansion",
    "owned": null,
    "shop": "Increase Vanguard Maximum Health by 90.0",
  },
  {
    "from": "UBMP_LEFTSIDE_ICON_CLICK_INFO_PANE_EXAMPLE.png",
    "id": "fortress-health-increment",
    "owned": "Increase Vanguard Maximum Health by 10.0%",
    "shop": null,
  },
  {
    "from": "UBMP_MODULE_PURCHASE_SCREEN_LOCKED_BUTTON_EXAMPLE_ZOOMED_IN.png",
    "id": "onslaught-charge-acceleration",
    "owned": null,
    "shop": "Increase Duelist Ultimate Ability Energy Gain Efficiency by 20.0%",
  },
  {
    "from": "UBMP_MODULE_PURCHASE_SCREEN.png",
    "id": "onslaught-damage-enhancement",
    "owned": null,
    "shop": "Increase Duelist Damage Done by 8.0%",
  },
  {
    "from": "UBMP_MODULE_PURCHASE_SCREEN.png",
    "id": "onslaught-damage-interference",
    "owned": null,
    "shop": "For Each Duelist, Reduce Enemy Damage Output by 1.0%.",
  },
  {
    "from": "UBMP_LEFTSIDE_ICON_CLICK_INFO_PANE_EXAMPLE2.png",
    "id": "reboot-charge-acceleration",
    "owned": null,
    "shop": "Increase Strategist Ultimate Ability Energy Gain Efficiency by 20.0%",
  },
  {
    "from": "UBMP_MODULE_PURCHASE_SCREEN.png / UBMP_LEFTSIDE_ICON_CLICK_INFO_PANE_EXAMPLE2.png",
    "id": "reboot-damage-interference",
    "owned": "For Each Strategist, Reduce Enemy Damage Output by 5.0%",
    "shop": "For Each Strategist, Reduce Enemy Damage Output by 1.0%",
  },
  {
    "from": "UBMP_LEFTSIDE_ICON_CLICK_INFO_PANE_EXAMPLE2.png",
    "id": "reboot-healing-enhancement",
    "owned": "Increase Strategist Healing Done by 32.0%",
    "shop": null,
  },
  {
    "from": "UBMP_LEFTSIDE_ICON_CLICK_INFO_PANE_EXAMPLE2.png",
    "id": "reboot-health-expansion",
    "owned": "Increase Strategist Maximum Health by 60.0",
    "shop": null,
  },
  {
    "from": "UBMP_LEFTSIDE_ICON_CLICK_INFO_PANE_EXAMPLE2.png",
    "id": "reboot-initial-healing-boost",
    "owned": "Increase Strategist Healing Amount by 30.0% for 10s at Round Start",
    "shop": null,
  },
  {
    "from": "UBMP_LEFTSIDE_ICON_CLICK_INFO_PANE_EXAMPLE2.png",
    "id": "reboot-precharged-energy",
    "owned": "Strategists Gain 20.0% Ultimate Ability Energy at Round Start",
    "shop": null,
  },
]
`;

exports[`strings.ts (verbatim) > every string in strings.ts is locked (edit = loud failure) 1`] = `
{
  "functions": [
    "chooseOneOfRandom",
    "chooseRoleCardTitle",
    "diamondCost",
    "incomePreview",
    "lineup",
    "protocolPaneTitle",
    "roundBanner",
    "roundPhase",
    "selectNStrengthen",
    "xpMeter",
  ],
  "samples": {
    "chooseOneOfRandom": [
      "Choose One of 3 Random Vanguards to Replace a Current Hero",
      "Choose One of 6 Random Duelists to Replace a Current Hero",
      "Choose One of 3 Random Strategists to Replace a Current Hero",
    ],
    "chooseRoleCardTitle": [
      "CHOOSE VANGUARD",
      "CHOOSE DUELIST",
      "CHOOSE STRATEGIST",
    ],
    "diamondCost": "◇5",
    "incomePreview": "10 (+16)",
    "lineup": [
      "LINEUP (0/6)",
      "LINEUP (6/6)",
    ],
    "protocolPaneTitle": "Protocol: Fortress",
    "roundBanner": "ROUND 2 - BATTLE PROTOCOL",
    "roundPhase": [
      "1-1",
      "9-3",
    ],
    "selectNStrengthen": [
      "Select 1 Strengthen Modules",
      "Select 2 Strengthen Modules",
    ],
    "xpMeter": "16/20",
  },
  "statics": {
    "ACTIVE_HEROES": "ACTIVE HEROES",
    "ARENA_MAP_NAME": "Age of Ultron: Digital Duel Grounds",
    "ASSEMBLE_YOUR_TEAM": "Assemble Your Team",
    "BATTLE_PROTOCOL": "BATTLE PROTOCOL",
    "BTN_CANCEL": "CANCEL",
    "BTN_CONFIRM": "CONFIRM",
    "BTN_LOCK": "LOCK",
    "BTN_PURCHASE": "PURCHASE",
    "BTN_REFRESH": "REFRESH",
    "BTN_SELECT": "SELECT",
    "BTN_UNLOCK": "UNLOCK",
    "BTN_UPGRADE": "UPGRADE",
    "CHOOSE_DUELIST": "CHOOSE DUELIST",
    "CHOOSE_STRATEGIST": "CHOOSE STRATEGIST",
    "CHOOSE_VANGUARD": "CHOOSE VANGUARD",
    "COL_DEPLOY": "Deploy",
    "COL_INITIATE_PROTOCOL": "Initiate Protocol",
    "COL_PLAYER_NAME": "Player Name",
    "COL_RANK": "Rank",
    "HEROES_SWAPPED_SUBTITLE": "HEROES SWAPPED IN THIS PHASE WILL TAKE EFFECT IN THE NEXT ROUND.",
    "HINT_B_DEPLOY": "B DEPLOY",
    "HINT_B_MODULES": "B MODULES",
    "HINT_ENTER_CHAT": "ENTER CHAT",
    "HINT_ESC_BACK": "ESC BACK",
    "HINT_ESC_MENU": "ESC MENU",
    "HINT_EXIT_EDITING": "EXIT EDITING",
    "HINT_LALT_CURSOR_MODE": "LALT CURSOR MODE",
    "HINT_TAB_SCOREBOARD": "TAB SCOREBOARD",
    "LOCKED_MODULES_FOOTER": "Locked modules will not be refreshed in the next round",
    "MODE_TITLE": "ULTRON'S BATTLE MATRIX PROTOCOL",
    "OUT_OF_PLAY": "Out of Play",
    "OWNED_MODULES": "Owned Modules:",
    "PRACTICE_PROTOCOL": "PRACTICE PROTOCOL",
    "PRACTICE_PROTOCOL_REWARD_PHASE": "PRACTICE PROTOCOL REWARD PHASE",
    "PURCHASED_MODULES_TOOLTIP": "The effects of purchased modules take effect in the next round.",
    "REFRESH_1_1": "REFRESH 1/1",
    "RESERVE_HEROES": "RESERVE HEROES",
    "SELECT_HERO_TO_SWAP_OUT": "SELECT HERO TO SWAP OUT",
    "SELECT_MODULES_HEADER": "Select the Modules you wish to purchase",
    "SELECT_POSITION": "Select Position",
    "SELECT_REWARD": "SELECT REWARD",
    "SWAP_CONVERSION_FOOTNOTE": "*When a hero is swapped, any equipped Strengthen Modules will be converted to matching usable modules.",
    "TAB_ACTIVATED": "ACTIVATED",
    "TAB_CHANGE_HERO": "CHANGE HERO",
    "TAB_SELECT": "SELECT",
    "TAGLINE": "Harness your superior intellect! Seek out the perfect solution within the simulation and eradicate all rival subprocesses.",
    "TOKEN_SYMBOL": "◇",
    "WAITING_FOR_OTHERS": "Waiting for Others",
    "XP_LEGEND": "★ = XP+1 · ★ = XP+2 · ★ = XP+4",
    "XP_LEGEND_PARTS": [
      "★ = XP+1",
      "★ = XP+2",
      "★ = XP+4",
    ],
  },
}
`;
