// Vitest Snapshot v1, https://vitest.dev/guide/snapshot.html

exports[`a broad golden snapshot — several lineups, several module stacks > matches the committed snapshot 1`] = `
{
  "scenarioA": [
    {
      "attackRange": 4,
      "attackSpeed": 1.3,
      "baseDps": 78,
      "baseHealPerSecond": 0,
      "baseHealth": 575,
      "bonusHealth": 300,
      "damageTakenMultiplier": 1,
      "dps": 88.3584,
      "effects": [],
      "healPerSecond": 0,
      "healingAsDamagePct": 0,
      "heroId": "captain-america",
      "lastStandDamagePctPer200Lost": 0,
      "lifestealPct": 0,
      "lostHealthRegenPctPerSecond": 0,
      "maxHealth": 1145,
      "moveSpeed": 3,
      "overflowToBonusHealthPct": 0,
      "role": "vanguard",
      "roundStartDamagePct": 0,
      "roundStartHealingPct": 0,
      "startingHealth": 1445,
      "targeting": "lowestMaxHealth",
      "ultChargeRate": 1.18,
      "ultEnergyAtRoundStartPct": 0,
      "vulnerabilityOnHitPct": 0,
    },
    {
      "attackRange": 5,
      "attackSpeed": 1.2,
      "baseDps": 74,
      "baseHealPerSecond": 0,
      "baseHealth": 600,
      "bonusHealth": 300,
      "damageTakenMultiplier": 1,
      "dps": 83.8272,
      "effects": [],
      "healPerSecond": 0,
      "healingAsDamagePct": 0,
      "heroId": "thor",
      "lastStandDamagePctPer200Lost": 0,
      "lifestealPct": 0,
      "lostHealthRegenPctPerSecond": 0,
      "maxHealth": 1170,
      "moveSpeed": 3,
      "overflowToBonusHealthPct": 0,
      "role": "vanguard",
      "roundStartDamagePct": 0,
      "roundStartHealingPct": 0,
      "startingHealth": 1470,
      "targeting": "nearest",
      "ultChargeRate": 1.18,
      "ultEnergyAtRoundStartPct": 0,
      "vulnerabilityOnHitPct": 0,
    },
    {
      "attackRange": 32,
      "attackSpeed": 0.9,
      "baseDps": 115,
      "baseHealPerSecond": 0,
      "baseHealth": 250,
      "bonusHealth": 0,
      "damageTakenMultiplier": 1,
      "dps": 171.95904,
      "effects": [],
      "healPerSecond": 0,
      "healingAsDamagePct": 0,
      "heroId": "black-widow",
      "lastStandDamagePctPer200Lost": 0,
      "lifestealPct": 0,
      "lostHealthRegenPctPerSecond": 0,
      "maxHealth": 550,
      "moveSpeed": 3.8,
      "overflowToBonusHealthPct": 0,
      "role": "duelist",
      "roundStartDamagePct": 0,
      "roundStartHealingPct": 0,
      "startingHealth": 550,
      "targeting": "lowestMaxHealth",
      "ultChargeRate": 1.18,
      "ultEnergyAtRoundStartPct": 0,
      "vulnerabilityOnHitPct": 0,
    },
    {
      "attackRange": 34,
      "attackSpeed": 0.8,
      "baseDps": 120,
      "baseHealPerSecond": 0,
      "baseHealth": 250,
      "bonusHealth": 0,
      "damageTakenMultiplier": 1,
      "dps": 179.43552,
      "effects": [],
      "healPerSecond": 0,
      "healingAsDamagePct": 0,
      "heroId": "hawkeye",
      "lastStandDamagePctPer200Lost": 0,
      "lifestealPct": 0,
      "lostHealthRegenPctPerSecond": 0,
      "maxHealth": 550,
      "moveSpeed": 3.7,
      "overflowToBonusHealthPct": 0,
      "role": "duelist",
      "roundStartDamagePct": 0,
      "roundStartHealingPct": 0,
      "startingHealth": 550,
      "targeting": "nearest",
      "ultChargeRate": 1.18,
      "ultEnergyAtRoundStartPct": 0,
      "vulnerabilityOnHitPct": 0,
    },
    {
      "attackRange": 20,
      "attackSpeed": 1.1,
      "baseDps": 64,
      "baseHealPerSecond": 74,
      "baseHealth": 250,
      "bonusHealth": 0,
      "damageTakenMultiplier": 1,
      "dps": 72.4992,
      "effects": [],
      "healPerSecond": 99.265376,
      "healingAsDamagePct": 0,
      "heroId": "mantis",
      "lastStandDamagePctPer200Lost": 0,
      "lifestealPct": 0,
      "lostHealthRegenPctPerSecond": 0,
      "maxHealth": 550,
      "moveSpeed": 3.4,
      "overflowToBonusHealthPct": 0,
      "role": "strategist",
      "roundStartDamagePct": 0,
      "roundStartHealingPct": 0,
      "startingHealth": 550,
      "targeting": "nearest",
      "ultChargeRate": 1.18,
      "ultEnergyAtRoundStartPct": 0,
      "vulnerabilityOnHitPct": 0,
    },
    {
      "attackRange": 21,
      "attackSpeed": 1,
      "baseDps": 60,
      "baseHealPerSecond": 82,
      "baseHealth": 275,
      "bonusHealth": 0,
      "damageTakenMultiplier": 1,
      "dps": 67.968,
      "effects": [],
      "healPerSecond": 109.996768,
      "healingAsDamagePct": 0,
      "heroId": "loki",
      "lastStandDamagePctPer200Lost": 0,
      "lifestealPct": 0,
      "lostHealthRegenPctPerSecond": 0,
      "maxHealth": 575,
      "moveSpeed": 3.4,
      "overflowToBonusHealthPct": 0,
      "role": "strategist",
      "roundStartDamagePct": 0,
      "roundStartHealingPct": 0,
      "startingHealth": 575,
      "targeting": "nearest",
      "ultChargeRate": 1.18,
      "ultEnergyAtRoundStartPct": 0,
      "vulnerabilityOnHitPct": 0,
    },
  ],
  "scenarioB": [
    {
      "attackRange": 32,
      "attackSpeed": 0.9,
      "baseDps": 115,
      "baseHealPerSecond": 0,
      "baseHealth": 250,
      "bonusHealth": 0,
      "damageTakenMultiplier": 1,
      "dps": 115,
      "effects": [],
      "healPerSecond": 0,
      "healingAsDamagePct": 0,
      "heroId": "black-widow",
      "lastStandDamagePctPer200Lost": 0,
      "lifestealPct": 0,
      "lostHealthRegenPctPerSecond": 0,
      "maxHealth": 355,
      "moveSpeed": 3.8,
      "overflowToBonusHealthPct": 0,
      "role": "duelist",
      "roundStartDamagePct": 0,
      "roundStartHealingPct": 0,
      "startingHealth": 355,
      "targeting": "lowestMaxHealth",
      "ultChargeRate": 1,
      "ultEnergyAtRoundStartPct": 0,
      "vulnerabilityOnHitPct": 0,
    },
    {
      "attackRange": 34,
      "attackSpeed": 0.8,
      "baseDps": 120,
      "baseHealPerSecond": 0,
      "baseHealth": 250,
      "bonusHealth": 0,
      "damageTakenMultiplier": 1,
      "dps": 120,
      "effects": [],
      "healPerSecond": 0,
      "healingAsDamagePct": 0,
      "heroId": "hawkeye",
      "lastStandDamagePctPer200Lost": 0,
      "lifestealPct": 0,
      "lostHealthRegenPctPerSecond": 0,
      "maxHealth": 355,
      "moveSpeed": 3.7,
      "overflowToBonusHealthPct": 0,
      "role": "duelist",
      "roundStartDamagePct": 0,
      "roundStartHealingPct": 0,
      "startingHealth": 355,
      "targeting": "nearest",
      "ultChargeRate": 1,
      "ultEnergyAtRoundStartPct": 0,
      "vulnerabilityOnHitPct": 0,
    },
    {
      "attackRange": 28,
      "attackSpeed": 1,
      "baseDps": 128,
      "baseHealPerSecond": 0,
      "baseHealth": 250,
      "bonusHealth": 0,
      "damageTakenMultiplier": 1,
      "dps": 128,
      "effects": [],
      "healPerSecond": 0,
      "healingAsDamagePct": 0,
      "heroId": "hela",
      "lastStandDamagePctPer200Lost": 0,
      "lifestealPct": 0,
      "lostHealthRegenPctPerSecond": 0,
      "maxHealth": 355,
      "moveSpeed": 3.7,
      "overflowToBonusHealthPct": 0,
      "role": "duelist",
      "roundStartDamagePct": 0,
      "roundStartHealingPct": 0,
      "startingHealth": 355,
      "targeting": "nearest",
      "ultChargeRate": 1,
      "ultEnergyAtRoundStartPct": 0,
      "vulnerabilityOnHitPct": 0,
    },
    {
      "attackRange": 22,
      "attackSpeed": 1.1,
      "baseDps": 140,
      "baseHealPerSecond": 0,
      "baseHealth": 250,
      "bonusHealth": 0,
      "damageTakenMultiplier": 1,
      "dps": 140,
      "effects": [],
      "healPerSecond": 0,
      "healingAsDamagePct": 0,
      "heroId": "human-torch",
      "lastStandDamagePctPer200Lost": 0,
      "lifestealPct": 0,
      "lostHealthRegenPctPerSecond": 0,
      "maxHealth": 355,
      "moveSpeed": 4,
      "overflowToBonusHealthPct": 0,
      "role": "duelist",
      "roundStartDamagePct": 0,
      "roundStartHealingPct": 0,
      "startingHealth": 355,
      "targeting": "nearest",
      "ultChargeRate": 1,
      "ultEnergyAtRoundStartPct": 0,
      "vulnerabilityOnHitPct": 0,
    },
    {
      "attackRange": 5,
      "attackSpeed": 1.7,
      "baseDps": 158,
      "baseHealPerSecond": 0,
      "baseHealth": 300,
      "bonusHealth": 0,
      "damageTakenMultiplier": 1,
      "dps": 158,
      "effects": [],
      "healPerSecond": 0,
      "healingAsDamagePct": 0,
      "heroId": "iron-fist",
      "lastStandDamagePctPer200Lost": 0,
      "lifestealPct": 0,
      "lostHealthRegenPctPerSecond": 0,
      "maxHealth": 405,
      "moveSpeed": 4.4,
      "overflowToBonusHealthPct": 0,
      "role": "duelist",
      "roundStartDamagePct": 0,
      "roundStartHealingPct": 0,
      "startingHealth": 405,
      "targeting": "nearest",
      "ultChargeRate": 1,
      "ultEnergyAtRoundStartPct": 0,
      "vulnerabilityOnHitPct": 0,
    },
    {
      "attackRange": 24,
      "attackSpeed": 1.2,
      "baseDps": 138,
      "baseHealPerSecond": 0,
      "baseHealth": 250,
      "bonusHealth": 0,
      "damageTakenMultiplier": 1,
      "dps": 138,
      "effects": [],
      "healPerSecond": 0,
      "healingAsDamagePct": 0,
      "heroId": "iron-man",
      "lastStandDamagePctPer200Lost": 0,
      "lifestealPct": 0,
      "lostHealthRegenPctPerSecond": 0,
      "maxHealth": 355,
      "moveSpeed": 4,
      "overflowToBonusHealthPct": 0,
      "role": "duelist",
      "roundStartDamagePct": 0,
      "roundStartHealingPct": 0,
      "startingHealth": 355,
      "targeting": "nearest",
      "ultChargeRate": 1,
      "ultEnergyAtRoundStartPct": 0,
      "vulnerabilityOnHitPct": 0,
    },
  ],
  "scenarioC": [
    {
      "attackRange": 4,
      "attackSpeed": 1.3,
      "baseDps": 78,
      "baseHealPerSecond": 0,
      "baseHealth": 575,
      "bonusHealth": 0,
      "damageTakenMultiplier": 1,
      "dps": 134.16,
      "effects": [],
      "healPerSecond": 0,
      "healingAsDamagePct": 0,
      "heroId": "captain-america",
      "lastStandDamagePctPer200Lost": 0,
      "lifestealPct": 0,
      "lostHealthRegenPctPerSecond": 0,
      "maxHealth": 1295,
      "moveSpeed": 3,
      "overflowToBonusHealthPct": 0,
      "role": "vanguard",
      "roundStartDamagePct": 0,
      "roundStartHealingPct": 0,
      "startingHealth": 1295,
      "targeting": "lowestMaxHealth",
      "ultChargeRate": 1,
      "ultEnergyAtRoundStartPct": 0,
      "vulnerabilityOnHitPct": 0,
    },
    {
      "attackRange": 5,
      "attackSpeed": 1.2,
      "baseDps": 74,
      "baseHealPerSecond": 0,
      "baseHealth": 600,
      "bonusHealth": 0,
      "damageTakenMultiplier": 1,
      "dps": 127.28,
      "effects": [],
      "healPerSecond": 0,
      "healingAsDamagePct": 0,
      "heroId": "thor",
      "lastStandDamagePctPer200Lost": 0,
      "lifestealPct": 0,
      "lostHealthRegenPctPerSecond": 0,
      "maxHealth": 1320,
      "moveSpeed": 3,
      "overflowToBonusHealthPct": 0,
      "role": "vanguard",
      "roundStartDamagePct": 0,
      "roundStartHealingPct": 0,
      "startingHealth": 1320,
      "targeting": "nearest",
      "ultChargeRate": 1,
      "ultEnergyAtRoundStartPct": 0,
      "vulnerabilityOnHitPct": 0,
    },
    {
      "attackRange": 32,
      "attackSpeed": 0.9,
      "baseDps": 115,
      "baseHealPerSecond": 0,
      "baseHealth": 250,
      "bonusHealth": 0,
      "damageTakenMultiplier": 1,
      "dps": 197.8,
      "effects": [],
      "healPerSecond": 0,
      "healingAsDamagePct": 0,
      "heroId": "black-widow",
      "lastStandDamagePctPer200Lost": 0,
      "lifestealPct": 0,
      "lostHealthRegenPctPerSecond": 0,
      "maxHealth": 970,
      "moveSpeed": 3.8,
      "overflowToBonusHealthPct": 0,
      "role": "duelist",
      "roundStartDamagePct": 0,
      "roundStartHealingPct": 0,
      "startingHealth": 970,
      "targeting": "lowestMaxHealth",
      "ultChargeRate": 1,
      "ultEnergyAtRoundStartPct": 0,
      "vulnerabilityOnHitPct": 0,
    },
    {
      "attackRange": 34,
      "attackSpeed": 0.8,
      "baseDps": 120,
      "baseHealPerSecond": 0,
      "baseHealth": 250,
      "bonusHealth": 0,
      "damageTakenMultiplier": 1,
      "dps": 206.4,
      "effects": [],
      "healPerSecond": 0,
      "healingAsDamagePct": 0,
      "heroId": "hawkeye",
      "lastStandDamagePctPer200Lost": 0,
      "lifestealPct": 0,
      "lostHealthRegenPctPerSecond": 0,
      "maxHealth": 970,
      "moveSpeed": 3.7,
      "overflowToBonusHealthPct": 0,
      "role": "duelist",
      "roundStartDamagePct": 0,
      "roundStartHealingPct": 0,
      "startingHealth": 970,
      "targeting": "nearest",
      "ultChargeRate": 1,
      "ultEnergyAtRoundStartPct": 0,
      "vulnerabilityOnHitPct": 0,
    },
    {
      "attackRange": 20,
      "attackSpeed": 1.1,
      "baseDps": 64,
      "baseHealPerSecond": 74,
      "baseHealth": 250,
      "bonusHealth": 0,
      "damageTakenMultiplier": 1,
      "dps": 110.08,
      "effects": [],
      "healPerSecond": 127.28,
      "healingAsDamagePct": 0,
      "heroId": "mantis",
      "lastStandDamagePctPer200Lost": 0,
      "lifestealPct": 0,
      "lostHealthRegenPctPerSecond": 0,
      "maxHealth": 970,
      "moveSpeed": 3.4,
      "overflowToBonusHealthPct": 0,
      "role": "strategist",
      "roundStartDamagePct": 0,
      "roundStartHealingPct": 0,
      "startingHealth": 970,
      "targeting": "nearest",
      "ultChargeRate": 1,
      "ultEnergyAtRoundStartPct": 0,
      "vulnerabilityOnHitPct": 0,
    },
    {
      "attackRange": 21,
      "attackSpeed": 1,
      "baseDps": 60,
      "baseHealPerSecond": 82,
      "baseHealth": 275,
      "bonusHealth": 0,
      "damageTakenMultiplier": 1,
      "dps": 103.2,
      "effects": [],
      "healPerSecond": 141.04,
      "healingAsDamagePct": 0,
      "heroId": "loki",
      "lastStandDamagePctPer200Lost": 0,
      "lifestealPct": 0,
      "lostHealthRegenPctPerSecond": 0,
      "maxHealth": 995,
      "moveSpeed": 3.4,
      "overflowToBonusHealthPct": 0,
      "role": "strategist",
      "roundStartDamagePct": 0,
      "roundStartHealingPct": 0,
      "startingHealth": 995,
      "targeting": "nearest",
      "ultChargeRate": 1,
      "ultEnergyAtRoundStartPct": 0,
      "vulnerabilityOnHitPct": 0,
    },
  ],
}
`;
