// Vitest Snapshot v1, https://vitest.dev/guide/snapshot.html

exports[`a broad golden snapshot — several lineups, several module stacks > matches the committed snapshot 1`] = `
{
  "scenarioA": [
    {
      "attackRange": 15,
      "attackSpeed": 1,
      "baseDps": 80,
      "baseHealPerSecond": 0,
      "baseHealth": 575,
      "bonusHealth": 300,
      "damageTakenMultiplier": 1,
      "dps": 90.624,
      "effects": [],
      "healPerSecond": 0,
      "healingAsDamagePct": 0,
      "heroId": "captain-america",
      "lastStandDamagePctPer200Lost": 0,
      "lifestealPct": 0,
      "lostHealthRegenPctPerSecond": 0,
      "maxHealth": 1145,
      "moveSpeed": 3,
      "overflowToBonusHealthPct": 0,
      "role": "vanguard",
      "roundStartDamagePct": 0,
      "roundStartHealingPct": 0,
      "startingHealth": 1445,
      "targeting": "lowestMaxHealth",
      "ultChargeRate": 1.18,
      "ultEnergyAtRoundStartPct": 0,
      "vulnerabilityOnHitPct": 0,
    },
    {
      "attackRange": 15,
      "attackSpeed": 1,
      "baseDps": 77,
      "baseHealPerSecond": 0,
      "baseHealth": 600,
      "bonusHealth": 300,
      "damageTakenMultiplier": 1,
      "dps": 87.2256,
      "effects": [],
      "healPerSecond": 0,
      "healingAsDamagePct": 0,
      "heroId": "thor",
      "lastStandDamagePctPer200Lost": 0,
      "lifestealPct": 0,
      "lostHealthRegenPctPerSecond": 0,
      "maxHealth": 1170,
      "moveSpeed": 3,
      "overflowToBonusHealthPct": 0,
      "role": "vanguard",
      "roundStartDamagePct": 0,
      "roundStartHealingPct": 0,
      "startingHealth": 1470,
      "targeting": "nearest",
      "ultChargeRate": 1.18,
      "ultEnergyAtRoundStartPct": 0,
      "vulnerabilityOnHitPct": 0,
    },
    {
      "attackRange": 20,
      "attackSpeed": 2.5,
      "baseDps": 164,
      "baseHealPerSecond": 0,
      "baseHealth": 250,
      "bonusHealth": 0,
      "damageTakenMultiplier": 1,
      "dps": 245.228544,
      "effects": [],
      "healPerSecond": 0,
      "healingAsDamagePct": 0,
      "heroId": "black-widow",
      "lastStandDamagePctPer200Lost": 0,
      "lifestealPct": 0,
      "lostHealthRegenPctPerSecond": 0,
      "maxHealth": 550,
      "moveSpeed": 3.6,
      "overflowToBonusHealthPct": 0,
      "role": "duelist",
      "roundStartDamagePct": 0,
      "roundStartHealingPct": 0,
      "startingHealth": 550,
      "targeting": "lowestMaxHealth",
      "ultChargeRate": 1.18,
      "ultEnergyAtRoundStartPct": 0,
      "vulnerabilityOnHitPct": 0,
    },
    {
      "attackRange": 20,
      "attackSpeed": 2.5,
      "baseDps": 164,
      "baseHealPerSecond": 0,
      "baseHealth": 250,
      "bonusHealth": 0,
      "damageTakenMultiplier": 1,
      "dps": 245.228544,
      "effects": [],
      "healPerSecond": 0,
      "healingAsDamagePct": 0,
      "heroId": "hawkeye",
      "lastStandDamagePctPer200Lost": 0,
      "lifestealPct": 0,
      "lostHealthRegenPctPerSecond": 0,
      "maxHealth": 550,
      "moveSpeed": 3.6,
      "overflowToBonusHealthPct": 0,
      "role": "duelist",
      "roundStartDamagePct": 0,
      "roundStartHealingPct": 0,
      "startingHealth": 550,
      "targeting": "nearest",
      "ultChargeRate": 1.18,
      "ultEnergyAtRoundStartPct": 0,
      "vulnerabilityOnHitPct": 0,
    },
    {
      "attackRange": 20,
      "attackSpeed": 1.05,
      "baseDps": 63,
      "baseHealPerSecond": 81,
      "baseHealth": 250,
      "bonusHealth": 0,
      "damageTakenMultiplier": 1,
      "dps": 71.3664,
      "effects": [],
      "healPerSecond": 108.655344,
      "healingAsDamagePct": 0,
      "heroId": "mantis",
      "lastStandDamagePctPer200Lost": 0,
      "lifestealPct": 0,
      "lostHealthRegenPctPerSecond": 0,
      "maxHealth": 550,
      "moveSpeed": 3.4,
      "overflowToBonusHealthPct": 0,
      "role": "strategist",
      "roundStartDamagePct": 0,
      "roundStartHealingPct": 0,
      "startingHealth": 550,
      "targeting": "nearest",
      "ultChargeRate": 1.18,
      "ultEnergyAtRoundStartPct": 0,
      "vulnerabilityOnHitPct": 0,
    },
    {
      "attackRange": 20,
      "attackSpeed": 1.05,
      "baseDps": 60,
      "baseHealPerSecond": 80,
      "baseHealth": 275,
      "bonusHealth": 0,
      "damageTakenMultiplier": 1,
      "dps": 67.968,
      "effects": [],
      "healPerSecond": 107.31392,
      "healingAsDamagePct": 0,
      "heroId": "loki",
      "lastStandDamagePctPer200Lost": 0,
      "lifestealPct": 0,
      "lostHealthRegenPctPerSecond": 0,
      "maxHealth": 575,
      "moveSpeed": 3.4,
      "overflowToBonusHealthPct": 0,
      "role": "strategist",
      "roundStartDamagePct": 0,
      "roundStartHealingPct": 0,
      "startingHealth": 575,
      "targeting": "nearest",
      "ultChargeRate": 1.18,
      "ultEnergyAtRoundStartPct": 0,
      "vulnerabilityOnHitPct": 0,
    },
  ],
  "scenarioB": [
    {
      "attackRange": 20,
      "attackSpeed": 2.5,
      "baseDps": 164,
      "baseHealPerSecond": 0,
      "baseHealth": 250,
      "bonusHealth": 0,
      "damageTakenMultiplier": 1,
      "dps": 164,
      "effects": [],
      "healPerSecond": 0,
      "healingAsDamagePct": 0,
      "heroId": "black-widow",
      "lastStandDamagePctPer200Lost": 0,
      "lifestealPct": 0,
      "lostHealthRegenPctPerSecond": 0,
      "maxHealth": 355,
      "moveSpeed": 3.6,
      "overflowToBonusHealthPct": 0,
      "role": "duelist",
      "roundStartDamagePct": 0,
      "roundStartHealingPct": 0,
      "startingHealth": 355,
      "targeting": "lowestMaxHealth",
      "ultChargeRate": 1,
      "ultEnergyAtRoundStartPct": 0,
      "vulnerabilityOnHitPct": 0,
    },
    {
      "attackRange": 20,
      "attackSpeed": 2.5,
      "baseDps": 164,
      "baseHealPerSecond": 0,
      "baseHealth": 250,
      "bonusHealth": 0,
      "damageTakenMultiplier": 1,
      "dps": 164,
      "effects": [],
      "healPerSecond": 0,
      "healingAsDamagePct": 0,
      "heroId": "hawkeye",
      "lastStandDamagePctPer200Lost": 0,
      "lifestealPct": 0,
      "lostHealthRegenPctPerSecond": 0,
      "maxHealth": 355,
      "moveSpeed": 3.6,
      "overflowToBonusHealthPct": 0,
      "role": "duelist",
      "roundStartDamagePct": 0,
      "roundStartHealingPct": 0,
      "startingHealth": 355,
      "targeting": "nearest",
      "ultChargeRate": 1,
      "ultEnergyAtRoundStartPct": 0,
      "vulnerabilityOnHitPct": 0,
    },
    {
      "attackRange": 20,
      "attackSpeed": 2.5,
      "baseDps": 164,
      "baseHealPerSecond": 0,
      "baseHealth": 250,
      "bonusHealth": 0,
      "damageTakenMultiplier": 1,
      "dps": 164,
      "effects": [],
      "healPerSecond": 0,
      "healingAsDamagePct": 0,
      "heroId": "hela",
      "lastStandDamagePctPer200Lost": 0,
      "lifestealPct": 0,
      "lostHealthRegenPctPerSecond": 0,
      "maxHealth": 355,
      "moveSpeed": 3.6,
      "overflowToBonusHealthPct": 0,
      "role": "duelist",
      "roundStartDamagePct": 0,
      "roundStartHealingPct": 0,
      "startingHealth": 355,
      "targeting": "nearest",
      "ultChargeRate": 1,
      "ultEnergyAtRoundStartPct": 0,
      "vulnerabilityOnHitPct": 0,
    },
    {
      "attackRange": 20,
      "attackSpeed": 2.5,
      "baseDps": 164,
      "baseHealPerSecond": 0,
      "baseHealth": 250,
      "bonusHealth": 0,
      "damageTakenMultiplier": 1,
      "dps": 164,
      "effects": [],
      "healPerSecond": 0,
      "healingAsDamagePct": 0,
      "heroId": "human-torch",
      "lastStandDamagePctPer200Lost": 0,
      "lifestealPct": 0,
      "lostHealthRegenPctPerSecond": 0,
      "maxHealth": 355,
      "moveSpeed": 3.9,
      "overflowToBonusHealthPct": 0,
      "role": "duelist",
      "roundStartDamagePct": 0,
      "roundStartHealingPct": 0,
      "startingHealth": 355,
      "targeting": "nearest",
      "ultChargeRate": 1,
      "ultEnergyAtRoundStartPct": 0,
      "vulnerabilityOnHitPct": 0,
    },
    {
      "attackRange": 20,
      "attackSpeed": 2.5,
      "baseDps": 137,
      "baseHealPerSecond": 0,
      "baseHealth": 300,
      "bonusHealth": 0,
      "damageTakenMultiplier": 1,
      "dps": 137,
      "effects": [],
      "healPerSecond": 0,
      "healingAsDamagePct": 0,
      "heroId": "iron-fist",
      "lastStandDamagePctPer200Lost": 0,
      "lifestealPct": 0,
      "lostHealthRegenPctPerSecond": 0,
      "maxHealth": 405,
      "moveSpeed": 4.4,
      "overflowToBonusHealthPct": 0,
      "role": "duelist",
      "roundStartDamagePct": 0,
      "roundStartHealingPct": 0,
      "startingHealth": 405,
      "targeting": "nearest",
      "ultChargeRate": 1,
      "ultEnergyAtRoundStartPct": 0,
      "vulnerabilityOnHitPct": 0,
    },
    {
      "attackRange": 20,
      "attackSpeed": 2.5,
      "baseDps": 164,
      "baseHealPerSecond": 0,
      "baseHealth": 250,
      "bonusHealth": 0,
      "damageTakenMultiplier": 1,
      "dps": 164,
      "effects": [],
      "healPerSecond": 0,
      "healingAsDamagePct": 0,
      "heroId": "iron-man",
      "lastStandDamagePctPer200Lost": 0,
      "lifestealPct": 0,
      "lostHealthRegenPctPerSecond": 0,
      "maxHealth": 355,
      "moveSpeed": 3.9,
      "overflowToBonusHealthPct": 0,
      "role": "duelist",
      "roundStartDamagePct": 0,
      "roundStartHealingPct": 0,
      "startingHealth": 355,
      "targeting": "nearest",
      "ultChargeRate": 1,
      "ultEnergyAtRoundStartPct": 0,
      "vulnerabilityOnHitPct": 0,
    },
  ],
  "scenarioC": [
    {
      "attackRange": 15,
      "attackSpeed": 1,
      "baseDps": 80,
      "baseHealPerSecond": 0,
      "baseHealth": 575,
      "bonusHealth": 0,
      "damageTakenMultiplier": 1,
      "dps": 137.6,
      "effects": [],
      "healPerSecond": 0,
      "healingAsDamagePct": 0,
      "heroId": "captain-america",
      "lastStandDamagePctPer200Lost": 0,
      "lifestealPct": 0,
      "lostHealthRegenPctPerSecond": 0,
      "maxHealth": 1295,
      "moveSpeed": 3,
      "overflowToBonusHealthPct": 0,
      "role": "vanguard",
      "roundStartDamagePct": 0,
      "roundStartHealingPct": 0,
      "startingHealth": 1295,
      "targeting": "lowestMaxHealth",
      "ultChargeRate": 1,
      "ultEnergyAtRoundStartPct": 0,
      "vulnerabilityOnHitPct": 0,
    },
    {
      "attackRange": 15,
      "attackSpeed": 1,
      "baseDps": 77,
      "baseHealPerSecond": 0,
      "baseHealth": 600,
      "bonusHealth": 0,
      "damageTakenMultiplier": 1,
      "dps": 132.44,
      "effects": [],
      "healPerSecond": 0,
      "healingAsDamagePct": 0,
      "heroId": "thor",
      "lastStandDamagePctPer200Lost": 0,
      "lifestealPct": 0,
      "lostHealthRegenPctPerSecond": 0,
      "maxHealth": 1320,
      "moveSpeed": 3,
      "overflowToBonusHealthPct": 0,
      "role": "vanguard",
      "roundStartDamagePct": 0,
      "roundStartHealingPct": 0,
      "startingHealth": 1320,
      "targeting": "nearest",
      "ultChargeRate": 1,
      "ultEnergyAtRoundStartPct": 0,
      "vulnerabilityOnHitPct": 0,
    },
    {
      "attackRange": 20,
      "attackSpeed": 2.5,
      "baseDps": 164,
      "baseHealPerSecond": 0,
      "baseHealth": 250,
      "bonusHealth": 0,
      "damageTakenMultiplier": 1,
      "dps": 282.08,
      "effects": [],
      "healPerSecond": 0,
      "healingAsDamagePct": 0,
      "heroId": "black-widow",
      "lastStandDamagePctPer200Lost": 0,
      "lifestealPct": 0,
      "lostHealthRegenPctPerSecond": 0,
      "maxHealth": 970,
      "moveSpeed": 3.6,
      "overflowToBonusHealthPct": 0,
      "role": "duelist",
      "roundStartDamagePct": 0,
      "roundStartHealingPct": 0,
      "startingHealth": 970,
      "targeting": "lowestMaxHealth",
      "ultChargeRate": 1,
      "ultEnergyAtRoundStartPct": 0,
      "vulnerabilityOnHitPct": 0,
    },
    {
      "attackRange": 20,
      "attackSpeed": 2.5,
      "baseDps": 164,
      "baseHealPerSecond": 0,
      "baseHealth": 250,
      "bonusHealth": 0,
      "damageTakenMultiplier": 1,
      "dps": 282.08,
      "effects": [],
      "healPerSecond": 0,
      "healingAsDamagePct": 0,
      "heroId": "hawkeye",
      "lastStandDamagePctPer200Lost": 0,
      "lifestealPct": 0,
      "lostHealthRegenPctPerSecond": 0,
      "maxHealth": 970,
      "moveSpeed": 3.6,
      "overflowToBonusHealthPct": 0,
      "role": "duelist",
      "roundStartDamagePct": 0,
      "roundStartHealingPct": 0,
      "startingHealth": 970,
      "targeting": "nearest",
      "ultChargeRate": 1,
      "ultEnergyAtRoundStartPct": 0,
      "vulnerabilityOnHitPct": 0,
    },
    {
      "attackRange": 20,
      "attackSpeed": 1.05,
      "baseDps": 63,
      "baseHealPerSecond": 81,
      "baseHealth": 250,
      "bonusHealth": 0,
      "damageTakenMultiplier": 1,
      "dps": 108.36,
      "effects": [],
      "healPerSecond": 139.32,
      "healingAsDamagePct": 0,
      "heroId": "mantis",
      "lastStandDamagePctPer200Lost": 0,
      "lifestealPct": 0,
      "lostHealthRegenPctPerSecond": 0,
      "maxHealth": 970,
      "moveSpeed": 3.4,
      "overflowToBonusHealthPct": 0,
      "role": "strategist",
      "roundStartDamagePct": 0,
      "roundStartHealingPct": 0,
      "startingHealth": 970,
      "targeting": "nearest",
      "ultChargeRate": 1,
      "ultEnergyAtRoundStartPct": 0,
      "vulnerabilityOnHitPct": 0,
    },
    {
      "attackRange": 20,
      "attackSpeed": 1.05,
      "baseDps": 60,
      "baseHealPerSecond": 80,
      "baseHealth": 275,
      "bonusHealth": 0,
      "damageTakenMultiplier": 1,
      "dps": 103.2,
      "effects": [],
      "healPerSecond": 137.6,
      "healingAsDamagePct": 0,
      "heroId": "loki",
      "lastStandDamagePctPer200Lost": 0,
      "lifestealPct": 0,
      "lostHealthRegenPctPerSecond": 0,
      "maxHealth": 995,
      "moveSpeed": 3.4,
      "overflowToBonusHealthPct": 0,
      "role": "strategist",
      "roundStartDamagePct": 0,
      "roundStartHealingPct": 0,
      "startingHealth": 995,
      "targeting": "nearest",
      "ultChargeRate": 1,
      "ultEnergyAtRoundStartPct": 0,
      "vulnerabilityOnHitPct": 0,
    },
  ],
}
`;
