// Vitest Snapshot v1, https://vitest.dev/guide/snapshot.html

exports[`canonical name / effect / keybind text > is locked character-for-character (an accidental edit fails loudly) 1`] = `
[
  {
    "effect": "Increase Ultimate Ability post-revival health by 100 and Invincible duration by two seconds.",
    "id": "adam-warlock-s1",
    "keybind": "",
    "name": "Forge to Revive",
  },
  {
    "effect": "Increase damage of allies revived by the Ultimate Ability by 80 percent for five seconds.",
    "id": "adam-warlock-s2",
    "keybind": "",
    "name": "Fighting Nation Descent",
  },
  {
    "effect": "Increase Sprint Rend base damage by 40, and each Sprint Rend hit reduces the remaining cooldown of Spear Toss and Spinning Kick by three seconds.",
    "id": "black-panther-s1",
    "keybind": "",
    "name": "Endless Rend",
  },
  {
    "effect": "Increase Ultimate Ability base damage by 100 and Bast avatars summoned by three.",
    "id": "black-panther-s2",
    "keybind": "",
    "name": "Bast Avatar",
  },
  {
    "effect": "Increase Red Room Rifle firing speed and magazine capacity by 80 percent.",
    "id": "black-widow-s1",
    "keybind": "",
    "name": "Red Room Rifle 2099",
  },
  {
    "effect": "Straight Shooter deals 10 additional damage per hit, and each final hit permanently increases this damage by five, up to 260.",
    "id": "black-widow-s2",
    "keybind": "",
    "name": "Sniper Elite",
  },
  {
    "effect": "Sentinel Strike's throwable shield gains deflection and can release the next Sentinel Strike without requiring the shield to return.",
    "id": "captain-america-s1",
    "keybind": "",
    "name": "Lawbreaker of Physics",
  },
  {
    "effect": "Increase Sentinel Strike attack frequency by 80 percent, and transform it into a fully throwable shield ability.",
    "id": "captain-america-s2",
    "keybind": "",
    "name": "Captain Shield Throw",
  },
  {
    "effect": "Reduce Light Explosion and Terror Cape cooldown by nine seconds, and increase the width of Light Curtain and Dark Curtain by four meters.",
    "id": "cloak-and-dagger-s1",
    "keybind": "",
    "name": "Veil of Sky",
  },
  {
    "effect": "When releasing Light Curtain, simultaneously launch Dark Curtain; when releasing Dark Curtain, simultaneously launch Light Curtain.",
    "id": "cloak-and-dagger-s2",
    "keybind": "",
    "name": "Entangled Light and Darkness",
  },
  {
    "effect": "Increase Daggers of Denak fire rate and magazine capacity by 80 percent, and fire two additional projectiles.",
    "id": "doctor-strange-s1",
    "keybind": "",
    "name": "Mercy of Denak",
  },
  {
    "effect": "Reduce Maelstrom of Madness cooldown by six seconds; each use adds damage instances to subsequent Maelstroms.",
    "id": "doctor-strange-s2",
    "keybind": "",
    "name": "Turbulent Maelstrom of Madness",
  },
  {
    "effect": "",
    "id": "emma-frost-s1",
    "keybind": "",
    "name": "",
  },
  {
    "effect": "",
    "id": "emma-frost-s2",
    "keybind": "",
    "name": "",
  },
  {
    "effect": "Reduce Ironwood Wall cooldown by 10 seconds and passive trigger interval by 0.5 seconds; Increase Ironwood Wall Health by 400 and max count by one.",
    "id": "groot-s1",
    "keybind": "",
    "name": "Great Ironwood Wall",
  },
  {
    "effect": "Reduce Thornlash Wall cooldown by 4s and passive trigger interval by 0.2s; Increase Thornlash Wall max count by 1.",
    "id": "groot-s2",
    "keybind": "LSHIFT",
    "name": "Ghost Thornlash Wall",
  },
  {
    "effect": "When releasing Piercing Arrow, additionally fire three Blast Arrows.",
    "id": "hawkeye-s1",
    "keybind": "",
    "name": "One Shot, Four Down",
  },
  {
    "effect": "Accelerate Piercing Arrow charge speed by 0.3 seconds and Archer's Focus concentration accumulation speed by 100 percent.",
    "id": "hawkeye-s2",
    "keybind": "",
    "name": "Quick Draw",
  },
  {
    "effect": "Increase Nightsword Thorn fire rate and magazine capacity by 70%.",
    "id": "hela-s1",
    "keybind": "LMB",
    "name": "Soul Reaper",
  },
  {
    "effect": "Increase Nightsword Thorn projectiles by four.",
    "id": "hela-s2",
    "keybind": "",
    "name": "Split Nightsword Thorn",
  },
  {
    "effect": "Each Indestructible Guard shield triggers an area explosion upon ending.",
    "id": "hulk-s1",
    "keybind": "",
    "name": "Gamma Shield Bomb",
  },
  {
    "effect": "Accelerate Indestructible Guard casting speed, and refresh Indestructible Guard cooldown after dealing 200 damage.",
    "id": "hulk-s2",
    "keybind": "",
    "name": "Gamma Shield Generator",
  },
  {
    "effect": "Reduce Blazing Blast cooldown by one second and increase Flame Field maximum duration by four seconds.",
    "id": "human-torch-s1",
    "keybind": "",
    "name": "Chongming Heritage",
  },
  {
    "effect": "Flame Field deals additional damage per second equal to six percent of maximum health.",
    "id": "human-torch-s2",
    "keybind": "",
    "name": "Amaterasu",
  },
  {
    "effect": "Increase Guardian Shield radius by 2 meters, maximum health by 750, and recovery speed by 100 per second, while enhancing the slowdown effect on enemies passing through the Guardian Shield.",
    "id": "invisible-woman-s1",
    "keybind": "",
    "name": "Best Guardian",
  },
  {
    "effect": "Reduce Psionic Vortex cooldown by eight seconds, increase its range by two meters, and enhance its pulling effect.",
    "id": "invisible-woman-s2",
    "keybind": "",
    "name": "Greater Psionic Vortex",
  },
  {
    "effect": "Reduce Dragon's Defense cooldown by six seconds, and replace Yat Jee Chung Kuen with the Ultimate Ability version of Yat Jee Chung Kuen.",
    "id": "iron-fist-s1",
    "keybind": "",
    "name": "Martial Art Master",
  },
  {
    "effect": "After Dragon's Defense blocks damage, increase Yat Jee Chung Kuen's damage based on the amount of blocked damage.",
    "id": "iron-fist-s2",
    "keybind": "",
    "name": "Strength Taken, Strength Used",
  },
  {
    "effect": "Gain 250 Bonus Health and 600 Ultimate Ability Energy each time a teammate is KO'd.",
    "id": "iron-man-s1",
    "keybind": "",
    "name": "Last Stand",
  },
  {
    "effect": "Increase Ultimate Ability base damage by 500 and range by five meters.",
    "id": "iron-man-s2",
    "keybind": "",
    "name": "Proton Cannon",
  },
  {
    "effect": "Devouring 3+ enemies with the Ultimate Ability grants random Base Modules. Devour 4: Common 90%, Rare 8%, Epic 2%. Devour 5: Common 60%, Rare 30%, Epic 10%. Devour 6+: Common 0%, Rare 70%, Epic 30%.",
    "id": "jeff-the-land-shark-s1",
    "keybind": "",
    "name": "Looting Leviathan",
  },
  {
    "effect": "Joyful Splash fires two additional water columns.",
    "id": "jeff-the-land-shark-s2",
    "keybind": "",
    "name": "Split Water Columns",
  },
  {
    "effect": "Reduce Doppelganger cooldown by nine seconds, increase the maximum number of illusions to two, and boost healing coefficient by 50 percent.",
    "id": "loki-s1",
    "keybind": "",
    "name": "Final Illusion",
  },
  {
    "effect": "Reduce Regeneration Domain cooldown by 18s, and increase Force Field Core health by 100.",
    "id": "loki-s2",
    "keybind": "LSHIFT",
    "name": "Loki's Sanctuary",
  },
  {
    "effect": "Ice Arts ice shards additionally heal for 20 percent of maximum health.",
    "id": "luna-snow-s1",
    "keybind": "",
    "name": "Ice Shards Therapy",
  },
  {
    "effect": "Reduce Ice Arts cooldown by 10 seconds, increase ice shards' firing speed by 50 percent, and width by one meter.",
    "id": "luna-snow-s2",
    "keybind": "",
    "name": "Applause",
  },
  {
    "effect": "Reduce the cooldown of Stepping Discs by two seconds for each time you take damage. Gain 200 Bonus Health upon unleashing Stepping Discs.",
    "id": "magik-s1",
    "keybind": "",
    "name": "Dance of Pain",
  },
  {
    "effect": "Increase the range of Eldritch Whirl by four meters and the duration of Limbo Demon summoned from Demon's Rage for six seconds.",
    "id": "magik-s2",
    "keybind": "",
    "name": "Echo of Limbo",
  },
  {
    "effect": "Increase the Ultimate Ability's maximum duration by two seconds and Damage absorption limit by 800.",
    "id": "magneto-s1",
    "keybind": "",
    "name": "Wrath of Magneto",
  },
  {
    "effect": "Before the meteor lands and explodes, pull nearby enemies to the center.",
    "id": "magneto-s2",
    "keybind": "",
    "name": "Meteor Gravitation",
  },
  {
    "effect": "Grant an additional Unstoppable effect to the target when unleashing Healing Flower, Allied Inspiration, or Natural Anger.",
    "id": "mantis-s1",
    "keybind": "",
    "name": "Natural Protection",
  },
  {
    "effect": "Healing Flower and Allied Inspiration provide extra boost effects to teammates around the target.",
    "id": "mantis-s2",
    "keybind": "",
    "name": "Floral Flourish",
  },
  {
    "effect": "Each Stretch Punch hit in normal state increases its range by one meter and boosts its damage by 10 percent in Inflated state.",
    "id": "mister-fantastic-s1",
    "keybind": "",
    "name": "Rubber Boxer",
  },
  {
    "effect": "Reduce Reflexive Rubber cooldown by eight seconds, increase max damage absorption to 1,000, and gain Bonus Health based on absorbed damage when it ends.",
    "id": "mister-fantastic-s2",
    "keybind": "",
    "name": "New Reflexive Rubber",
  },
  {
    "effect": "Increase Crescent Dart and Moon Blade maximum bounces by three and reduce damage decay per bounce by 10 percent.",
    "id": "moon-knight-s1",
    "keybind": "",
    "name": "Random Items Go!!!!",
  },
  {
    "effect": "Reduce Ancient Ankh cooldown by eight seconds and increase Ankh pull range by two meters.",
    "id": "moon-knight-s2",
    "keybind": "",
    "name": "Super Ankh",
  },
  {
    "effect": "Reduce Wrath of the Seven Seas cooldown by three seconds and extend Monstro Spawn berserk duration by two seconds.",
    "id": "namor-s1",
    "keybind": "",
    "name": "Imperius Rex",
  },
  {
    "effect": "Reduce Aquatic Dominion cooldown by nine seconds, increase Monstro Spawns limit by four, health by 50, and maximum duration by eight seconds.",
    "id": "namor-s2",
    "keybind": "",
    "name": "Monstro Spawns Army",
  },
  {
    "effect": "Reduce Bionic Spider-Nest cooldown by 12 seconds, increase max nest limit by three, and boost Spider-Drones production speed by 100 percent.",
    "id": "peni-parker-s1",
    "keybind": "",
    "name": "Field of Spider-Nests",
  },
  {
    "effect": "Enemies within the webs for two seconds will be ensnared.",
    "id": "peni-parker-s2",
    "keybind": "",
    "name": "Web Hunting",
  },
  {
    "effect": "Increase Ultimate Ability base damage by 50 and reduce the interval between slashes by 0.2 seconds.",
    "id": "psylocke-s1",
    "keybind": "",
    "name": "Shin Dance of the Butterfly",
  },
  {
    "effect": "If the Ultimate Ability delivers a final hit, extend its duration by one second.",
    "id": "psylocke-s2",
    "keybind": "",
    "name": "Slash Combo",
  },
  {
    "effect": "Increase Repair Mode fire rate and magazine capacity by 40 percent, extend Repair Mode duration by three seconds, and raise healing limit to 10.",
    "id": "rocket-raccoon-s1",
    "keybind": "",
    "name": "Full-Time Medic",
  },
  {
    "effect": "Reduce B.R.B. cooldown by 38 seconds and increase Beacon Limit by four. The Beacons can also revive themselves.",
    "id": "rocket-raccoon-s2",
    "keybind": "",
    "name": "B.R.B.A.S.A.P.",
  },
  {
    "effect": "Chaos Control can attack three targets simultaneously.",
    "id": "scarlet-witch-s1",
    "keybind": "",
    "name": "Pure Chaos",
  },
  {
    "effect": "Increase Ultimate Ability range by four meters and bind duration by two seconds.",
    "id": "scarlet-witch-s2",
    "keybind": "",
    "name": "Enhanced Seal",
  },
  {
    "effect": "Reduce Web Cluster cooldown by 1.5 seconds. Hitting an enemy additionally applies a binding effect for 0.5 seconds.",
    "id": "spider-man-s1",
    "keybind": "",
    "name": "Better Webs",
  },
  {
    "effect": "Increase Ultimate Ability range by four meters and bind duration by two seconds.",
    "id": "spider-man-s2",
    "keybind": "",
    "name": "A More Friendly Neighborhood",
  },
  {
    "effect": "Increase Burst Acorn firing speed and magazine capacity by 30 percent. Acorns hitting map edges trigger bounces.",
    "id": "squirrel-girl-s1",
    "keybind": "",
    "name": "Mega Evolution Slingshot",
  },
  {
    "effect": "When firing Burst Acorns, there is a 50 percent chance to fire Squirrel Guards simultaneously.",
    "id": "squirrel-girl-s2",
    "keybind": "",
    "name": "Acorn Bowling",
  },
  {
    "effect": "During Blaster Barrage, refresh additional duration for every 300 damage dealt.",
    "id": "star-lord-s1",
    "keybind": "",
    "name": "Unfading Starlight",
  },
  {
    "effect": "Ultimate Ability can lock onto and attack three enemies simultaneously.",
    "id": "star-lord-s2",
    "keybind": "",
    "name": "Real Legend",
  },
  {
    "effect": "Reduce Goddess Boost cooldown by 10 seconds and decrease Thunderstorm enhancement lightning interval by one second.",
    "id": "storm-s1",
    "keybind": "",
    "name": "Perfect Storm",
  },
  {
    "effect": "Each Wind Blade hit has a 30 percent chance to trigger Chain Lightning.",
    "id": "storm-s2",
    "keybind": "",
    "name": "Wind Power Generator",
  },
  {
    "effect": "Increase Adjudication fire rate and magazine capacity by 50 percent, fire two additional projectiles, and gain Pierce.",
    "id": "the-punisher-s1",
    "keybind": "",
    "name": "Microchip Implant",
  },
  {
    "effect": "Reduce Scourge Grenade cooldown by four seconds and apply 10 percent Vulnerability on hit.",
    "id": "the-punisher-s2",
    "keybind": "",
    "name": "Insect Repellent Smokescreen",
  },
  {
    "effect": "Increase Yancy Street Charge maximum duration by five seconds, and stun targets for one second upon collision.",
    "id": "the-thing-s1",
    "keybind": "",
    "name": "Yancy Street Rampage",
  },
  {
    "effect": "Stone Haymaker has a 50 percent chance to trigger a Super Punch, knocking enemies back. If pushed to the edge of the map, it deals additional damage.",
    "id": "the-thing-s2",
    "keybind": "",
    "name": "Invincible Haymaker",
  },
  {
    "effect": "Increase Ultimate Ability range by three meters and reduce the interval of aerial damage over time by 0.3 seconds.",
    "id": "thor-s1",
    "keybind": "",
    "name": "Odin's Blessing",
  },
  {
    "effect": "During Awakening Ruse, increase firing speed by 80 percent, and grant lightning arc waves Pierce.",
    "id": "thor-s2",
    "keybind": "",
    "name": "Enjoy the Thunder",
  },
  {
    "effect": "Reduce Imperative: Firewall cooldown by six seconds.",
    "id": "ultron-s1",
    "keybind": "",
    "name": "Software Update",
  },
  {
    "effect": "Reduce giant drone's base healing efficiency; when releasing Imperative: Patch, all allies gain a giant drone.",
    "id": "ultron-s2",
    "keybind": "",
    "name": "One for All",
  },
  {
    "effect": "Reduce Symbiotic Resilience cooldown by seven seconds, increase the extra health coefficient by 0.3, and restore 30 percent of lost health upon activation.",
    "id": "venom-s1",
    "keybind": "",
    "name": "Guaranteed Survival",
  },
  {
    "effect": "Devour permanently grants 10 percent of damage dealt as maximum health, up to 1,200, and enlarges the character.",
    "id": "venom-s2",
    "keybind": "",
    "name": "King in Black",
  },
  {
    "effect": "Increase Ultimate Ability slam range by three meters.",
    "id": "winter-soldier-s1",
    "keybind": "",
    "name": "Greater Kraken Impact",
  },
  {
    "effect": "For each match victory, if Winter Soldier survives, permanently increase his Ultimate Ability's insta-KO health threshold by four percent, up to a maximum of 75 percent.",
    "id": "winter-soldier-s2",
    "keybind": "",
    "name": "Here We Go Again",
  },
  {
    "effect": "Refresh Regenerative Healing Factor cooldown after dealing 800 damage.",
    "id": "wolverine-s1",
    "keybind": "",
    "name": "Immortal",
  },
  {
    "effect": "Reduce Feral Leap cooldown by eight seconds and increase the percentage of extra damage from Berserk Claw Strike by three percent.",
    "id": "wolverine-s2",
    "keybind": "",
    "name": "Quenchless Rage",
  },
]
`;
